today frdfasd
fadsf
class name cooc
